main.c:160:5:main	16	static
main.c:280:6:SystemClock_Config	120	static
main.c:339:13:MX_ADC1_Init	48	static
main.c:404:13:MX_I2C4_Init	8	static
main.c:450:13:MX_TIM1_Init	112	static
main.c:530:13:MX_TIM5_Init	40	static
main.c:575:13:MX_TIM13_Init	8	static
main.c:606:13:MX_USART3_UART_Init	8	static
main.c:654:13:MX_USB_OTG_FS_PCD_Init	8	static
main.c:688:13:MX_DMA_Init	16	static
main.c:706:13:MX_GPIO_Init	32	static
main.c:720:6:HAL_ADC_ConvCpltCallback	16	static
main.c:730:6:MPU6050_init	32	static
main.c:741:7:MPU6050_READ_TEMP	32	static
main.c:752:6:HAL_TIM_PeriodElapsedCallback	16	static
main.c:779:6:HAL_GPIO_EXIT_Callback	16	static
main.c:794:9:leerTeclado	8	static
main.c:862:6:clearTempBuff	16	static
main.c:867:7:TMP_2_RPM	16	static
main.c:873:5:RPM_2_PWM	16	static
main.c:880:6:dispTemp	8	static
main.c:907:6:procesarTeclado	16	static
main.c:985:6:Error_Handler	4	static,ignoring_inline_asm
